node.exe : [baseline-brows
er-mapping] The data in 
this module is over two 
months old.  To ensure 
accurate Baseline data, 
please update: `npm i base
line-browser-mapping@lates
t -D`
At C:\nvm4w\nodejs\npx.ps1
:16 char:5
+     & 
"$basedir/node$exe"  "$bas
edir/node_modules/npm/bin/
npx-cli.js" ...
+     ~~~~~~~~~~~~~~~~~~~~
~~~~~~~~~~~~~~~~~~~~~~~~~~
~~~~~~~~~~~~~~~~~~~
    + CategoryInfo        
      : NotSpecified: ([  
  baseline-brows...ping   
 @latest -D`:String) [    
], RemoteException
    + FullyQualifiedError 
   Id : NativeCommandErr  
  or
 
   Γû▓ Next.js 16.0.7 (Turbopack)
   - Environments: .env.local

   Creating an optimized production build ...
[baseline-browser-mapping]
 The data in this module 
is over two months old.  
To ensure accurate 
Baseline data, please 
update: `npm i baseline-br
owser-mapping@latest -D`
 Γ£ô Compiled successfully in 22.5s
   Running TypeScript ...
Failed to compile.

.next/dev/types/validator.
ts:24:44
Type error: Type 'Route' 
does not satisfy the 
constraint 'LayoutRoutes'.
  Type 
'import("D:/Piyush/eashwa 
live tracking/admin/.next/
dev/types/routes").LayoutR
outes' is not assignable 
to type 
'import("D:/Piyush/eashwa 
live tracking/admin/.next/
types/routes").LayoutRoute
s'.
    Type '"/dealer"' is 
not assignable to type 
'LayoutRoutes'.

[0m [90m 22 |[39m
 [90m 23 |[39m type [33
mLayoutConfig[39m[33m<[
39m[33mRoute[39m 
[36mextends[39m 
[33mLayoutRoutes[39m 
[33m=[39m [33mLayoutRou
tes[39m[33m>[39m 
[33m=[39m {
[31m[1m>[22m[39m[90m 
24 |[39m   [36mdefault[
39m[33m:[39m [33mReact
[39m[33m.[39m[33mCompon
entType[39m[33m<[39m[3
3mLayoutProps[39m[33m<[
39m[33mRoute[39m[33m>>
[39m [33m|[39m 
((props[33m:[39m [33mLa
youtProps[39m[33m<[39m
[33mRoute[39m[33m>[39m)
 [33m=>[39m [33mReact[
39m[33m.[39m[33mReactNo
de[39m [33m|[39m [33mP
romise[39m[33m<[39m[33
mReact[39m[33m.[39m[33
mReactNode[39m[33m>[39m
 [33m|[39m never 
[33m|[39m 
[36mvoid[39m 
[33m|[39m [33mPromise[
39m[33m<[39m[36mvoid[3
9m[33m>[39m)
 [90m    |[39m          
                          
        
[31m[1m^[22m[39m
 [90m 25 |[39m   generat
eStaticParams[33m?[39m[
33m:[39m 
(props[33m:[39m { 
params[33m:[39m [33mPar
amMap[39m[[33mRoute[39m
] }) [33m=>[39m [33mPro
mise[39m[33m<[39m[33ma
ny[39m[][33m>[39m 
[33m|[39m any[]
 [90m 26 |[39m   generat
eMetadata[33m?[39m[33m:
[39m (
 [90m 27 |[39m     
props[33m:[39m { 
params[33m:[39m [33mPro
mise[39m[33m<[39m[33mP
aramMap[39m[[33mRoute[3
9m][33m>[39m } 
[33m&[39m 
any[33m,[39m[0m
Next.js build worker 
exited with code: 1 and 
signal: null
